// Jest Snapshot v1, https://goo.gl/fbAQLP

exports[`App snapshot renders 1`] = `
<div>
  Mamba4Life
  <p>
    Hello
  </p>
</div>
`;
